07-23 00:12:03 com_github_MitjaNemec_PlaceFootprints.action_place_footprints 674:Plugin executed on: 'win32'
07-23 00:12:03 com_github_MitjaNemec_PlaceFootprints.action_place_footprints 675:Plugin executed with python version: '3.11.5 (main, Sep 17 2025, 01:04:48) [MSC v.1944 64 bit (AMD64)]'
07-23 00:12:03 com_github_MitjaNemec_PlaceFootprints.action_place_footprints 676:KiCad build version: 9.0.6
07-23 00:12:03 com_github_MitjaNemec_PlaceFootprints.action_place_footprints 677:Plugin version: 4.0.1
07-23 00:12:03 com_github_MitjaNemec_PlaceFootprints.action_place_footprints 678:Frame repr: <wx._core.Frame object at 0x0000020ADCD0F0A0>
07-23 00:12:03 com_github_MitjaNemec_PlaceFootprints.place_footprints 121:getting a list of all footprints on board
07-23 00:12:03 com_github_MitjaNemec_PlaceFootprints.place_footprints 156:Footprint R5 on root level
07-23 00:12:03 com_github_MitjaNemec_PlaceFootprints.place_footprints 156:Footprint Q2 on root level
07-23 00:12:03 com_github_MitjaNemec_PlaceFootprints.place_footprints 156:Footprint U2 on root level
07-23 00:12:03 com_github_MitjaNemec_PlaceFootprints.place_footprints 156:Footprint R7 on root level
07-23 00:12:03 com_github_MitjaNemec_PlaceFootprints.place_footprints 156:Footprint Q1 on root level
07-23 00:12:03 com_github_MitjaNemec_PlaceFootprints.place_footprints 156:Footprint NANO-SIM-0501A-P1 on root level
07-23 00:12:03 com_github_MitjaNemec_PlaceFootprints.place_footprints 156:Footprint R6 on root level
07-23 00:12:03 com_github_MitjaNemec_PlaceFootprints.place_footprints 156:Footprint R1 on root level
07-23 00:12:03 com_github_MitjaNemec_PlaceFootprints.place_footprints 156:Footprint R2 on root level
07-23 00:12:03 com_github_MitjaNemec_PlaceFootprints.place_footprints 156:Footprint R4 on root level
07-23 00:12:03 com_github_MitjaNemec_PlaceFootprints.place_footprints 156:Footprint Q5 on root level
07-23 00:12:03 com_github_MitjaNemec_PlaceFootprints.place_footprints 156:Footprint Q4 on root level
07-23 00:12:03 com_github_MitjaNemec_PlaceFootprints.place_footprints 156:Footprint R3 on root level
07-23 00:12:03 com_github_MitjaNemec_PlaceFootprints.place_footprints 156:Footprint R8 on root level
07-23 00:12:03 com_github_MitjaNemec_PlaceFootprints.place_footprints 156:Footprint J4 on root level
07-23 00:12:03 com_github_MitjaNemec_PlaceFootprints.place_footprints 156:Footprint D7 on root level
07-23 00:12:03 com_github_MitjaNemec_PlaceFootprints.place_footprints 156:Footprint D6 on root level
07-23 00:12:03 com_github_MitjaNemec_PlaceFootprints.place_footprints 156:Footprint D5 on root level
07-23 00:12:03 com_github_MitjaNemec_PlaceFootprints.place_footprints 156:Footprint D3 on root level
07-23 00:12:03 com_github_MitjaNemec_PlaceFootprints.place_footprints 156:Footprint C12 on root level
07-23 00:12:03 com_github_MitjaNemec_PlaceFootprints.place_footprints 156:Footprint C10 on root level
07-23 00:12:03 com_github_MitjaNemec_PlaceFootprints.place_footprints 156:Footprint C4 on root level
07-23 00:12:03 com_github_MitjaNemec_PlaceFootprints.place_footprints 156:Footprint C7 on root level
07-23 00:12:03 com_github_MitjaNemec_PlaceFootprints.place_footprints 156:Footprint D4 on root level
07-23 00:12:03 com_github_MitjaNemec_PlaceFootprints.place_footprints 156:Footprint D2 on root level
07-23 00:12:03 com_github_MitjaNemec_PlaceFootprints.place_footprints 156:Footprint D1 on root level
07-23 00:12:03 com_github_MitjaNemec_PlaceFootprints.place_footprints 156:Footprint C9 on root level
07-23 00:12:03 com_github_MitjaNemec_PlaceFootprints.place_footprints 156:Footprint C14 on root level
07-23 00:12:03 com_github_MitjaNemec_PlaceFootprints.place_footprints 156:Footprint C15 on root level
07-23 00:12:03 com_github_MitjaNemec_PlaceFootprints.place_footprints 156:Footprint C13 on root level
07-23 00:12:03 com_github_MitjaNemec_PlaceFootprints.place_footprints 156:Footprint C8 on root level
07-23 00:12:03 com_github_MitjaNemec_PlaceFootprints.place_footprints 156:Footprint C6 on root level
07-23 00:12:03 com_github_MitjaNemec_PlaceFootprints.place_footprints 156:Footprint J2 on root level
07-23 00:12:03 com_github_MitjaNemec_PlaceFootprints.place_footprints 156:Footprint C11 on root level
07-23 00:12:03 com_github_MitjaNemec_PlaceFootprints.place_footprints 156:Footprint C5 on root level
07-23 00:12:03 com_github_MitjaNemec_PlaceFootprints.place_footprints 156:Footprint C2 on root level
07-23 00:12:03 com_github_MitjaNemec_PlaceFootprints.place_footprints 156:Footprint C1 on root level
07-23 00:12:03 com_github_MitjaNemec_PlaceFootprints.place_footprints 156:Footprint C3 on root level
07-23 00:12:03 com_github_MitjaNemec_PlaceFootprints.place_footprints 156:Footprint U1 on root level
07-23 00:12:03 com_github_MitjaNemec_PlaceFootprints.place_footprints 156:Footprint J1 on root level
07-23 00:12:03 com_github_MitjaNemec_PlaceFootprints.action_place_footprints 717:Reference footprint='C9'
07-23 00:12:04 com_github_MitjaNemec_PlaceFootprints.action_place_footprints 858:Reference designator is: C
07-23 00:12:04 com_github_MitjaNemec_PlaceFootprints.action_place_footprints 859:Reference number is: 9
07-23 00:12:04 com_github_MitjaNemec_PlaceFootprints.action_place_footprints 891:Sorted and filtered list:
['C1', 'C2', 'C3', 'C4', 'C5', 'C6', 'C7', 'C8', 'C9', 'C10', 'C11', 'C12', 'C13', 'C14', 'C15']
07-23 00:12:05 com_github_MitjaNemec_PlaceFootprints.action_place_footprints 376:wx.Colour(240, 240, 240, 255)
07-23 00:12:11 com_github_MitjaNemec_PlaceFootprints.action_place_footprints 507:'1.8'
07-23 00:12:11 com_github_MitjaNemec_PlaceFootprints.action_place_footprints 553:Preparing config for reference linear
07-23 00:12:11 com_github_MitjaNemec_PlaceFootprints.action_place_footprints 573:Saving config file
07-23 00:12:11 com_github_MitjaNemec_PlaceFootprints.action_place_footprints 575:Saved the config file
07-23 00:12:11 com_github_MitjaNemec_PlaceFootprints.action_place_footprints 929:Footprints to place:
['C9', 'C10', 'C11', 'C12', 'C13', 'C14', 'C15']
07-23 00:12:11 com_github_MitjaNemec_PlaceFootprints.place_footprints 396:Starting placing with linear layout
07-23 00:12:11 com_github_MitjaNemec_PlaceFootprints.action_place_footprints 970:Placing complete
